*** Using Compiler 'V6.10.1', folder: 'D:\Keil_v5\ARM\ARMCLANG\Bin'
Rebuild target 'AuroraControl'
compiling charger.c...
compiling drv_adc.c...
compiling protocol.c...
compiling debug.c...
compiling interrupts.c...
compiling mppt.c...
compiling storage.c...
compiling drv_board.c...
compiling protection.c...
compiling ui.c...
compiling measurement.c...
compiling drv_comp.c...
compiling drv_flash.c...
compiling power_stage.c...
compiling main.c...
compiling drv_io.c...
compiling drv_pwm.c...
compiling drv_system.c...
assembling startup_g32f031.s...
compiling drv_uart.c...
compiling drv_watchdog.c...
compiling system_g32f031.c...
compiling g32f031_ddl_adc.c...
compiling g32f031_ddl_comp0.c...
compiling g32f031_ddl_comp1.c...
compiling g32f031_ddl_atmr.c...
compiling g32f031_ddl_flash.c...
compiling g32f031_ddl_opa.c...
compiling g32f031_ddl_gpio.c...
compiling g32f031_ddl_dma.c...
compiling g32f031_ddl_rcc.c...
compiling g32f031_ddl_utils.c...
compiling g32f031_ddl_usart.c...
linking...
Program Size: Code=51598 RO-data=1966 RW-data=4 ZI-data=3628  
FromELF: creating hex file...
".\Objects\AuroraControl\AuroraControl.axf" - 0 Error(s), 0 Warning(s).
Build Time Elapsed:  00:00:02
